******************************************************************************
                     PRU Linker Unix v2.1.0                    
******************************************************************************
>> Linked Sun Mar  1 21:39:51 2015

OUTPUT FILE NAME:   <pru_test.out>
ENTRY POINT SYMBOL: "_c_int00_noinit_noargs_noexit"  address: 000000f4


MEMORY CONFIGURATION

         name            origin    length      used     unused   attr    fill
----------------------  --------  ---------  --------  --------  ----  --------
PAGE 0:
  PRUIMEM               00000000   00001000  00000124  00000edc  RWIX

PAGE 1:
  PRUDMEM               00000000   00001000  00000100  00000f00  RWIX
  PRINTMEM              00010000   00000208  00000208  00000000  RWIX  00 


SECTION ALLOCATION MAP

 output                                  attributes/
section   page    origin      length       input sections
--------  ----  ----------  ----------   ----------------
.text      0    00000000    00000118     
                  00000000    000000cc     pru_print.obj (.text:print_msg)
                  000000cc    00000028     pru0_main.obj (.text:main)
                  000000f4    00000014     rtspruv3_le.lib : boot_special.obj (.text:_c_int00_noinit_noargs_noexit)
                  00000108    00000008                     : exit.obj (.text:abort)
                  00000110    00000008                     : exit.obj (.text:loader_exit)

.stack     1    00000000    00000100     UNINITIALIZED
                  00000000    00000004     rtspruv3_le.lib : boot.obj (.stack)
                  00000004    000000fc     --HOLE--

.rodata    0    00000118    0000000c     
                  00000118    0000000c     pru0_main.obj (.rodata:.string)

.creg.PRINTMEM.noload.near 
*          1    00010000    00000000     NOLOAD SECTION

.creg.PRINTMEM.near 
*          1    00010000    00000000     UNINITIALIZED

.creg.PRINTMEM.noload.far 
*          1    00010000    00000000     NOLOAD SECTION

.creg.PRINTMEM.far 
*          1    00010000    00000208     UNINITIALIZED
                  00010000    00000208     pru_print.obj (.creg.PRINTMEM.far)


SEGMENT ATTRIBUTES

    id tag      seg value
    -- ---      --- -----
     0 PHA_PAGE 1   1    
     1 PHA_PAGE 2   1    


GLOBAL SYMBOLS: SORTED ALPHABETICALLY BY Name 

page  address   name                         
----  -------   ----                         
0     00000110  C$$EXIT                      
abs   00010000  __PRU_CREG_BASE_PRINTMEM     
abs   00000004  __PRU_CREG_PRINTMEM          
1     00000100  __TI_STACK_END               
abs   00000100  __TI_STACK_SIZE              
abs   ffffffff  __binit__                    
abs   ffffffff  __c_args__                   
0     000000f4  _c_int00_noinit_noargs_noexit
1     00000000  _stack                       
0     00000108  abort                        
abs   ffffffff  binit                        
0     000000cc  main                         
1     00010000  print_mem                    
0     00000000  print_msg                    


GLOBAL SYMBOLS: SORTED BY Symbol Address 

page  address   name                         
----  -------   ----                         
0     00000000  print_msg                    
0     000000cc  main                         
0     000000f4  _c_int00_noinit_noargs_noexit
0     00000108  abort                        
0     00000110  C$$EXIT                      
1     00000000  _stack                       
1     00000100  __TI_STACK_END               
1     00010000  print_mem                    
abs   00000004  __PRU_CREG_PRINTMEM          
abs   00000100  __TI_STACK_SIZE              
abs   00010000  __PRU_CREG_BASE_PRINTMEM     
abs   ffffffff  __binit__                    
abs   ffffffff  __c_args__                   
abs   ffffffff  binit                        

[14 symbols]
